V3 11
FL //feit-nas-user/userdata/studenten/2017/tnguye14/FPGA_Schaltkreisentwurf/FIR_filter_2/Filter/D-FlipFlop.vhd 2020/03/10.13:29:58 P.20131013
EN work/RisingEdge_DFlipFlop_SyncReset 1583844935 \
      FL //feit-nas-user/userdata/studenten/2017/tnguye14/FPGA_Schaltkreisentwurf/FIR_filter_2/Filter/D-FlipFlop.vhd \
      PB ieee/std_logic_1164 1381692176
AR work/RisingEdge_DFlipFlop_SyncReset/Behavioral 1583844936 \
      FL //feit-nas-user/userdata/studenten/2017/tnguye14/FPGA_Schaltkreisentwurf/FIR_filter_2/Filter/D-FlipFlop.vhd \
      EN work/RisingEdge_DFlipFlop_SyncReset 1583844935
FL //feit-nas-user/userdata/studenten/2017/tnguye14/FPGA_Schaltkreisentwurf/FIR_filter_2/Filter/FIR_COEFF.vhd 2020/03/10.13:16:22 P.20131013
PH work/FIR_COEFF 1583844933 \
      FL //feit-nas-user/userdata/studenten/2017/tnguye14/FPGA_Schaltkreisentwurf/FIR_filter_2/Filter/FIR_COEFF.vhd \
      PB ieee/std_logic_1164 1381692176
PB work/FIR_COEFF 1583844934 \
      FL //feit-nas-user/userdata/studenten/2017/tnguye14/FPGA_Schaltkreisentwurf/FIR_filter_2/Filter/FIR_COEFF.vhd \
      PH work/FIR_COEFF 1583844933
FL //feit-nas-user/userdata/studenten/2017/tnguye14/FPGA_Schaltkreisentwurf/FIR_filter_2/Filter/Main.vhd 2020/03/10.13:53:20 P.20131013
EN work/FIR_Filter 0 \
      FL //feit-nas-user/userdata/studenten/2017/tnguye14/FPGA_Schaltkreisentwurf/FIR_filter_2/Filter/Main.vhd \
      PB ieee/std_logic_1164 1381692176 PB ieee/NUMERIC_STD 1381692181 \
      PB ieee/MATH_REAL 1381692182 PB work/FIR_COEFF 1583844934 \
      PH work/RisingEdge_DFlipFlop_SyncReset -1
AR work/FIR_Filter/Filter_verhalten 0 \
      FL //feit-nas-user/userdata/studenten/2017/tnguye14/FPGA_Schaltkreisentwurf/FIR_filter_2/Filter/Main.vhd \
      EN work/FIR_Filter 0 CP RisingEdge_DFlipFlop_SyncReset
